==============================================================================
cudf-analytics :: CPU vs GPU benchmark
==============================================================================
  platform      : Linux-6.14.0-1015-nvidia-aarch64-with-glibc2.39 (aarch64)
  CPU cores     : 20
  RAM           : None GB total
  pandas        : 2.3.3  (baseline, default single-threaded ops)
  GPU           : NVIDIA GB10
  cuDF          : 25.10.00
==============================================================================

[3m] generating benchmark_data/synthetic_3000000.csv (3,000,000 rows x 12 cols)...
  generated in 20.0s, 563.9 MB
  rows=3,000,000 file=563.9 MB
  step        pandas(s)    cudf(s)   speedup
  ------------------------------------------
  read            1.673      0.202     8.30x
  mean            0.003      0.001     2.45x
  groupby         0.056      0.007     8.25x
  corr            0.076      0.040     1.89x
  quantile        0.037      0.019     1.90x
  total           1.845      0.269     6.86x
  accuracy agreement (pandas vs cuDF):
    mean_revenue         rel_diff=0.00e+00
    corr_revenue_cost    rel_diff=0.00e+00
    revenue_p99          rel_diff=0.00e+00
  end-to-end speedup: 6.86x

[10m] generating benchmark_data/synthetic_10000000.csv (10,000,000 rows x 12 cols)...
  generated in 67.7s, 1882.4 MB
  rows=10,000,000 file=1882.4 MB
  step        pandas(s)    cudf(s)   speedup
  ------------------------------------------
  read            5.843      0.704     8.30x
  mean            0.012      0.002     5.90x
  groupby         0.217      0.018    11.89x
  corr            0.262      0.119     2.20x
  quantile        0.127      0.059     2.13x
  total           6.459      0.902     7.16x
  accuracy agreement (pandas vs cuDF):
    mean_revenue         rel_diff=0.00e+00
    corr_revenue_cost    rel_diff=0.00e+00
    revenue_p99          rel_diff=0.00e+00
  end-to-end speedup: 7.16x

[30m] generating benchmark_data/synthetic_30000000.csv (30,000,000 rows x 12 cols)...
  generated in 202.7s, 5669.5 MB
  rows=30,000,000 file=5669.5 MB
  step        pandas(s)    cudf(s)   speedup
  ------------------------------------------
  read           17.464      2.420     7.22x
  mean            0.027      0.004     6.04x
  groupby         0.627      0.050    12.44x
  corr            0.764      0.336     2.27x
  quantile        0.405      0.175     2.31x
  total          19.286      2.988     6.45x
  accuracy agreement (pandas vs cuDF):
    mean_revenue         rel_diff=0.00e+00
    corr_revenue_cost    rel_diff=0.00e+00
    revenue_p99          rel_diff=0.00e+00
  end-to-end speedup: 6.45x

wrote benchmark_results.json and benchmark_results.md
